# attendance device export -- do not edit
# manual import from paper sheets follows
#
# How to read one line
# recorded_at | student_id | week | sessions
# recorded_at   when this row was written, YYYY-MM-DDTHH:MM:SS
# student_id    eight-digit student number
# week          w1, w2, w3, or w4
# sessions      how many times the student attended that week
#               a normal value is 0, 1, or 2
#
# Lines starting with # are notes. Blank lines are not records.
# Rows are an export, not a sorted table: the same student and the
# same week can appear on more than one line.
# A sessions value of 0 means that week was recorded as no attendance.
2026-09-08T12:08:21 | 32987398 | w4 | 2
2026-09-01T15:03:41 | 68442511 | w3 | 1
2026-09-17T18:05:00 |  32987398  | w2 | 2
2026-08-17T11:42:24 | 18510296 | w1 | 0
2026-08-18T11:35:32 | 32470131 | w1 | 2
2026-08-17T09:50:22 |  68442511  | w1 | 1
2026-08-24T12:55:15 | 75634387 | w2 | 2
2026-08-25T18:08:10 | 49422007 | w2 | 2
2026-09-01T11:56:40 |  42276139  | w3 | 2
2026-08-18T17:57:12 | 53459645 | w1 | 2
2026-08-25T13:26:46 | 11589711 | w2 | 2
2026-08-17T15:28:51 | 16816512 | w1 | 1
2026-08-31T14:23:50 | 41276721 | w3 | 1
2026-08-31T13:55:22 |  55380723  | w3 | 1
2026-08-17T18:27:56 | 39369847 | w1 | 1
2026-08-17T13:51:20 | 27225353 | w1 | 1
2026-08-24T17:46:31 | 58259684 | w2 | 1
2026-08-18T17:50:02 | 69624559 | w1 | 1
2026-08-31T20:55:17 | 89081413 | w3 | 1
2026-08-18T15:16:18 |  41276721  | w1 | 0
2026-09-08T20:43:38 | 69624559 | w4 | 2
2026-08-18T10:23:12 | 42276139 | w1 | 1
2026-08-25T09:19:13 | 93714657 | w2 | 2
2026-09-01T12:59:32 | 40157925 | w3 | 1
2026-08-18T19:21:44 | 15476316 | w1 | 0
2026-09-01T12:08:39 |  32470131  | w3 | 2
2026-09-01T13:09:10 | 32083061 | w3 | 1
2026-09-01T13:01:59 | 93714657 | w3 | 2
2026-08-25T14:30:41 |  56780249  | w2 | 2
2026-08-24T15:58:25 | 74819346 | w2 | 2
2026-08-18T17:28:51 |  36501251  | w1 | 0
2026-08-29T16:51:35 |  88944190  | w2 | 2
2026-08-17T10:48:04 |  61624794  | w1 | 2
2026-08-17T17:55:46 | 94542603 | w1 | 0
2026-09-07T11:44:08 | 39316784 | w4 | 1
2026-09-01T16:31:58 | 27902964 | w3 | 2
2026-09-11T19:58:53 | 77758700 | w4 | 2
2026-09-07T10:19:55 | 74129476 | w4 | 0
2026-09-07T15:50:31 |  49422007  | w4 | 1
2026-09-14T23:59:00 | 42059446 | w4 | 1
2026-08-17T16:56:54 |  04553331  | w1 | 1
2026-08-24T09:44:20 |  53459645  | w2 | 2
2026-08-25T13:35:31 | 53058319 | w2 | 0
2026-09-08T19:23:34 |  51855024  | w4 | 0
2026-08-18T14:50:34 |  04770215  | w1 | 1
2026-08-31T10:51:21 | 39316784 | w3 | 1
2026-08-17T14:57:38 | 38730680 | w1 | 0
2026-08-17T14:35:59 | 90744874 | w1 | 1
2026-08-25T15:16:25 | 69986526 | w2 | 2
2026-08-25T15:15:45 | 74473990 | w2 | 2
2026-08-31T15:36:11 |  96072149  | w3 | 2
2026-08-17T16:33:45 | 25556942 | w1 | 2
2026-09-08T14:44:08 | 58259684 | w4 | 1
2026-08-31T18:36:41 | 42059446 | w3 | 2
2026-09-20T18:05:00 | 34340333 | w2 | 2
2026-08-25T18:46:50 |  95249216  | w2 | 2
2026-09-07T09:32:56 | 04770215 | w4 | 1
2026-09-08T12:31:13 | 89836227 | w4 | 0
2026-09-07T14:07:52 | 41276721 | w4 | 2
2026-08-31T11:24:17 | 53121425 | w3 | 0
2026-09-08T16:06:00 | 20308195 | w4 | 0
2026-08-18T09:32:12 | 37560471 | w1 | 2
2026-09-07T09:28:07 | 95705330 | w4 | 2
2026-08-22T15:47:13 | 10833913 | w1 | 2
2026-09-08T09:11:39 | 10833913 | w4 | 0
2026-09-14T23:59:00 |  10398551  | w4 | 1
2026-09-07T15:46:00 |  53121425  | w4 | 2
2026-09-01T09:21:05 | 82117268 | w3 | 2
2026-09-01T19:59:49 |  38730680  | w3 | 0
2026-08-24T18:35:37 |  38730680  | w2 | 0
2026-08-25T16:51:33 | 48551508 | w2 | 2
2026-08-31T18:41:32 | 29964670 | w3 | 2
2026-09-19T12:30:00 | 36501251 | w4 | 2
2026-08-24T19:09:17 | 12088214 | w2 | 2
2026-08-24T15:32:35 | 87363913 | w2 | 1
2026-09-08T15:43:55 | 91367187 | w4 | 2
2026-09-01T10:10:33 | 20308195 | w3 | 0
2026-08-17T12:31:58 |  12088214  | w1 | 1
2026-08-31T11:02:14 | 61624794 | w3 | 2
2026-08-24T09:20:41 | 75579252 | w2 | 2
2026-08-24T13:15:17 | 17979381 | w2 | 1
2026-08-18T18:37:56 | 50968345 | w1 | 0
2026-08-25T11:51:03 | 32470131 | w2 | 2
2026-09-07T10:55:51 | 94089208 | w4 | 2
2026-08-18T14:33:35 | 63339209 | w1 | 1
2026-08-17T20:03:27 | 69986526 | w1 | 0
2026-08-18T11:55:12 |  36639446  | w1 | 1
2026-08-24T18:13:53 | 24855469 | w2 | 2
2026-08-25T18:04:53 | 51855024 | w2 | 0
2026-08-17T13:34:17 |  89081413  | w1 | 0
2026-08-25T13:15:40 | 42059446 | w2 | 1
2026-09-01T17:08:52 | 75579252 | w3 | 0
2026-09-15T18:05:00 | 47792143 | w2 | 2
2026-09-01T14:58:23 | 25556942 | w3 | 2
2026-09-07T13:42:36 | 24855469 | w4 | 1
2026-08-31T11:31:03 |  61759153  | w3 | 1
2026-08-18T10:48:25 | 68820438 | w1 | 1
2026-08-24T20:25:40 | 32068497 | w2 | 2
2026-08-25T14:20:19 | 54622090 | w2 | 0
2026-09-01T13:51:36 |  37560471  | w3 | 2
2026-08-31T20:26:22 | 99453864 | w3 | 2
2026-09-08T16:03:39 | 88569452 | w4 | 2
2026-08-17T10:57:02 | 59267400 | w1 | 1
2026-08-31T18:11:05 |  51855024  | w3 | 0
2026-09-01T17:33:43 | 90744874 | w3 | 2
2026-09-07T16:25:44 | 19212221 | w4 | 1
2026-08-24T17:40:44 | 21664664 | w2 | 2
2026-08-25T10:01:55 | 17947782 | w2 | 1
2026-08-31T13:30:20 |  59267400  | w3 | 1
2026-08-24T13:42:37 | 61624794 | w2 | 2
2026-08-17T09:43:44 |  47792143  | w1 | 1
2026-08-31T20:37:44 | 32068497 | w3 | 2
2026-08-31T19:20:07 |  70759556  | w3 | 2
2026-08-24T15:58:50 |  21782591  | w2 | 1
2026-08-18T19:25:48 |  32068497  | w1 | 1
2026-08-25T19:24:34 | 94542603 | w2 | 0
2026-08-17T16:56:27 | 45710390 | w1 | 2
2026-08-17T17:51:35 | 49422007 | w1 | 1
2026-08-31T12:06:55 | 48322271 | w3 | 2
2026-09-08T20:16:24 | 47792143 | w4 | 1
2026-09-01T16:16:15 |  95680942  | w3 | 2
2026-09-01T09:24:55 | 94802359 | w3 | 2
2026-09-07T15:49:19 | 19800330 | w4 | 1
2026-08-17T20:40:08 | 43033616 | w1 | 1
2026-08-31T13:31:14 |  93420669  | w3 | 2
2026-09-07T12:41:34 |  48628200  | w4 | 0
2026-09-07T19:53:52 | 15476316 | w4 | 1
2026-08-17T09:23:18 | 96072149 | w1 | 2
2026-08-31T19:29:01 | 16816512 | w3 | 2
2026-08-24T13:35:31 | 95705330 | w2 | 2
2026-08-17T11:29:15 | 58124315 | w1 | 0
2026-09-07T16:45:19 | 34340333 | w4 | 1
2026-08-18T13:37:17 | 91731574 | w1 | 2
2026-09-08T15:09:17 |  63638732  | w4 | 1
2026-09-08T09:42:06 |  94802359  | w4 | 1
2026-08-24T09:08:52 | 39369847 | w2 | 2
2026-08-17T12:54:10 | 55380723 | w1 | 1
2026-09-07T20:26:33 | 12943907 | w4 | 0
2026-08-18T20:45:44 | 29194481 | w1 | 0
2026-09-01T20:31:57 | 10287235 | w3 | 1
2026-08-31T11:46:40 | 49971191 | w3 | 0
2026-08-25T18:09:48 | 32917636 | w2 | 1
2026-08-24T14:47:06 | 70672889 | w2 | 2
2026-08-18T13:43:15 | 11589711 | w1 | 0
2026-08-31T20:06:55 | 73936122 | w3 | 2
2026-08-25T09:40:02 | 60542016 | w2 | 2
2026-08-18T16:43:49 | 14037118 | w1 | 2
2026-08-25T09:34:31 | 04553331 | w2 | 2
2026-08-18T17:45:11 | 81890664 | w1 | 2
2026-08-17T16:01:01 | 97112677 | w1 | 1
2026-08-31T14:44:37 | 94542603 | w3 | 0
2026-08-17T15:55:24 | 66996412 | w1 | 0
2026-08-24T09:37:41 | 45778904 | w2 | 2
2026-08-18T10:25:07 | 82117268 | w1 | 2
2026-09-08T13:16:00 | 66996412 | w4 | 1
2026-09-01T12:17:58 | 10278833 | w3 | 1
2026-08-31T14:36:27 | 49422007 | w3 | 1
2026-08-24T12:41:34 | 29194481 | w2 | 0
2026-08-18T16:45:33 | 73936122 | w1 | 1
2026-09-07T15:34:59 | 94542603 | w4 | 0
2026-08-18T13:47:52 |  27862666  | w1 | 1
2026-09-08T17:28:57 | 78951060 | w4 | 2
2026-09-07T13:58:03 | 75634387 | w4 | 0
2026-09-01T14:41:27 |  58404922  | w3 | 1
2026-08-31T13:05:11 | 87363913 | w3 | 2
2026-08-24T14:21:59 | 99192406 | w2 | 2
2026-08-29T19:08:23 | 42059446 | w2 | 2
2026-08-18T14:04:49 |  48702037  | w1 | 0
2026-09-08T12:30:26 | 51583008 | w4 | 0
2026-08-31T12:01:51 |  43033616  | w3 | 1
2026-08-17T09:01:41 | 97411452 | w1 | 0
2026-08-17T12:14:45 |  88569452  | w1 | 2
2026-09-08T13:11:47 |  33634232  | w4 | 2
2026-09-07T17:22:50 | 82117268 | w4 | 2
2026-09-01T16:26:32 | 78951060 | w3 | 0
2026-08-31T09:48:05 | 18510296 | w3 | 0
2026-08-31T19:41:27 | 78918142 | w3 | 0
2026-08-25T20:01:14 | 63807786 | w2 | 0
2026-09-17T18:05:00 | 87363913 | w2 | 2
2026-08-31T18:22:51 | 94089208 | w3 | 0
2026-08-17T20:47:19 | 87363913 | w1 | 0
2026-09-01T18:19:18 | 63807786 | w3 | 0
2026-09-01T17:06:07 | 97112677 | w3 | 2
2026-08-18T11:14:51 | 10833913 | w1 | 2
2026-08-17T16:09:14 | 71913273 | w1 | 2
2026-08-25T14:02:39 | 33634232 | w2 | 2
2026-08-24T09:40:56 |  30831468  | w2 | 0
2026-08-18T11:45:30 | 18421581 | w1 | 1
2026-08-31T13:54:07 | 37859286 | w3 | 2
2026-09-07T14:55:07 | 32068497 | w4 | 1
2026-09-08T16:40:58 | 11589711 | w4 | 2
2026-08-31T17:02:27 | 74819346 | w3 | 1
2026-09-07T12:21:34 | 61929170 | w4 | 1
2026-08-24T19:18:09 |  91731574  | w2 | 1
2026-09-01T14:27:27 |  36501251  | w3 | 2
2026-09-07T15:41:51 |  37859286  | w4 | 2
2026-08-25T17:49:01 |  20308195  | w2 | 0
2026-08-18T11:11:10 | 11829965 | w1 | 1
2026-09-08T11:29:17 | 70759556 | w4 | 2
2026-08-31T16:41:56 |  58124315  | w3 | 1
2026-08-31T14:11:36 | 63638732 | w3 | 1
2026-08-24T11:48:33 | 99725305 | w2 | 2
2026-09-01T11:20:56 |  45710390  | w3 | 2
2026-08-25T11:48:00 | 31767877 | w2 | 1
2026-09-18T18:05:00 |  93730417  | w2 | 2
2026-09-07T20:23:56 |  83527600  | w4 | 0
2026-08-17T17:26:01 | 93420669 | w1 | 1
2026-08-25T20:05:15 | 53121425 | w2 | 1
2026-09-04T13:29:13 | 94089208 | w3 | 2
2026-09-07T19:10:25 |  71913273  | w4 | 0
2026-09-01T15:14:49 | 98857398 | w3 | 1
2026-08-18T20:41:58 | 11622026 | w1 | 1
2026-09-16T18:05:00 |  32179351  | w2 | 2
2026-08-31T20:14:59 | 88569452 | w3 | 2
2026-08-18T10:18:25 | 27902964 | w1 | 2
2026-09-07T10:06:48 | 32179351 | w4 | 1
2026-08-18T18:19:06 | 76637342 | w1 | 2
2026-09-07T18:25:29 |  88944190  | w4 | 1
2026-09-08T16:49:40 | 78918142 | w4 | 2
2026-08-24T09:47:26 | 49971191 | w2 | 0
2026-09-01T14:03:48 | 53459645 | w3 | 0
2026-08-17T15:03:30 | 91367187 | w1 | 2
2026-08-31T12:14:22 | 04553331 | w3 | 0
2026-08-31T20:45:32 | 56253890 | w3 | 2
2026-08-31T09:45:51 | 56780249 | w3 | 2
2026-08-31T10:52:56 | 38194753 | w3 | 2
2026-08-24T18:03:22 | 73936122 | w2 | 1
2026-08-17T14:17:09 |  48628200  | w1 | 0
2026-08-18T10:34:10 | 15987238 | w1 | 0
2026-09-07T18:06:30 | 64720342 | w4 | 1
2026-09-07T17:48:25 | 71713480 | w4 | 2
2026-09-01T13:35:41 | 91731574 | w3 | 2
2026-08-31T17:11:13 | 83527600 | w3 | 0
2026-08-31T09:44:38 |  11622026  | w3 | 2
2026-09-07T11:33:11 |  32686366  | w4 | 1
2026-08-31T19:57:16 | 74129476 | w3 | 2
2026-09-01T12:27:44 | 54622090 | w3 | 0
2026-09-01T18:04:59 | 17947782 | w3 | 2
2026-08-24T09:13:47 | 37560471 | w2 | 0
2026-09-15T18:05:00 |  38194753  | w2 | 2
2026-09-07T19:25:45 | 63807786 | w4 | 0
2026-08-31T17:41:44 |  48702037  | w3 | 1
2026-09-19T18:05:00 | 63638732 | w2 | 2
2026-08-17T15:57:29 | 70672889 | w1 | 2
2026-09-08T20:15:22 |  61624794  | w4 | 2
2026-09-01T17:02:24 |  27862666  | w3 | 2
2026-09-01T10:37:07 |  70672889  | w3 | 2
2026-08-18T13:35:19 | 86639109 | w1 | 1
2026-08-17T11:40:53 | 16715597 | w1 | 2
2026-09-01T16:05:12 | 96845083 | w3 | 0
2026-09-01T19:21:47 |  52281345  | w3 | 1
2026-09-01T14:00:17 | 60542016 | w3 | 2
2026-08-17T10:39:47 |  32686366  | w1 | 0
2026-08-18T17:43:31 | 77758700 | w1 | 1
2026-08-18T19:35:41 | 24855469 | w1 | 2
2026-08-24T09:46:05 | 32371039 | w2 | 1
2026-08-24T10:18:01 | 47792143 | w2 | 1
2026-08-31T10:05:26 | 33634232 | w3 | 2
2026-09-08T09:45:43 |  11622026  | w4 | 1
2026-08-31T19:50:44 | 64720342 | w3 | 2
2026-09-01T18:48:46 | 15476316 | w3 | 1
2026-08-17T14:50:04 |  10278833  | w1 | 0
2026-08-18T20:40:12 | 17947782 | w1 | 1
2026-08-24T20:34:04 |  32987398  | w2 | 2
2026-09-01T15:10:54 | 4770215 | w3 | 1
2026-09-07T15:41:01 | 76637342 | w4 | 1
2026-09-07T17:10:55 | 96845083 | w4 | 2
2026-08-17T09:09:31 | 31767877 | w1 | 1
2026-09-01T16:58:04 | 69986526 | w3 | 0
2026-08-25T16:54:32 |  25515684  | w2 | 0
2026-09-08T12:11:54 | 95249216 | w4 | 2
2026-08-25T16:29:01 | 37859286 | w2 | 0
2026-09-07T13:28:00 | 96072149 | w4 | 2
2026-08-25T17:11:12 | 50968345 | w2 | 0
2026-08-18T12:57:13 | 74819346 | w1 | 2
2026-08-25T14:31:45 | 58404922 | w2 | 2
2026-09-01T14:14:05 | 12088214 | w3 | 2
2026-08-17T11:56:56 |  63638732  | w1 | 2
2026-09-08T16:23:53 | 45710390 | w4 | 1
2026-09-01T20:14:31 | 31767877 | w3 | 1
2026-08-24T19:14:32 | 32083061 | w2 | 1
2026-08-17T18:48:47 | 58404922 | w1 | 2
2026-08-24T18:15:45 | 99453864 | w2 | 2
2026-08-31T17:13:17 |  21664664  | w3 | 2
2026-09-07T20:57:53 | 89081413 | w4 | 2
2026-08-25T17:39:50 | 63339209 | w2 | 0
2026-08-17T14:57:38 | 27136102 | w1 | 1
2026-09-01T10:17:00 | 58909036 | w3 | 2
2026-09-01T12:47:38 | 99393038 | w3 | 2
2026-08-17T16:24:26 | 95705330 | w1 | 2
2026-08-25T09:33:48 |  48628200  | w2 | 0
2026-08-24T20:10:04 | 86639109 | w2 | 2
2026-08-18T11:06:52 | 95249216 | w1 | 2
2026-08-18T18:02:33 |  38194753  | w1 | 2
2026-09-12T15:20:53 | 54622090 | w4 | 2
2026-08-24T18:41:10 |  70759556  | w2 | 2
2026-08-24T16:41:46 | 63638732 | w2 | 1
2026-08-31T12:06:43 | 61929170 | w3 | 2
2026-08-31T12:31:32 | 54542094 | w3 | 2
2026-09-01T16:40:59 |  32686366  | w3 | 1
2026-09-08T15:09:15 |  69986526  | w4 | 1
2026-08-31T15:25:14 |  19212221  | w3 | 2
2026-08-24T15:40:01 | 12943907 | w2 | 2
2026-09-01T09:23:59 | 10833913 | w3 | 1
2026-08-31T20:21:24 | 66996412 | w3 | 2
2026-09-08T14:59:24 | 38194753 | w4 | 1
2026-09-08T20:37:20 |  99453864  | w4 | 1
2026-09-01T16:15:51 | 21782591 | w3 | 2
2026-08-31T20:03:18 | 71913273 | w3 | 1
2026-09-08T19:57:17 | 86639109 | w4 | 2
2026-09-15T18:05:00 | 16816512 | w2 | 2
2026-09-01T16:45:05 | 71713480 | w3 | 1
2026-09-07T15:08:24 | 32371039 | w4 | 2
2026-08-25T11:23:38 | 52269071 | w2 | 2
2026-08-17T20:37:53 | 11616494 | w1 | 2
2026-09-01T15:01:12 |  90367810  | w3 | 2
2026-09-08T09:29:39 | 55380723 | w4 | 2
2026-08-17T09:40:17 | 70551668 | w1 | 1
2026-09-07T12:09:11 | 90367810 | w4 | 2
2026-09-08T11:32:09 | 10287235 | w4 | 1
2026-08-25T13:57:44 | 19949173 | w2 | 2
2026-08-17T20:04:40 |  83527600  | w1 | 2
2026-08-25T13:09:30 | 90744874 | w2 | 1
2026-09-07T15:19:21 |  30831468  | w4 | 2
2026-08-24T15:49:11 | 36501251 | w2 | 1
2026-09-08T13:56:31 | 25515684 | w4 | 1
2026-09-01T12:16:45 | 14037118 | w3 | 1
2026-08-18T18:56:45 | 58909036 | w1 | 2
2026-08-17T19:44:15 | 99453864 | w1 | 0
2026-09-07T14:08:23 | 70551668 | w4 | 1
2026-08-24T12:39:37 | 98789681 | w2 | 1
2026-08-31T14:17:26 | 32987398 | w3 | 2
2026-08-24T12:03:43 | 71713480 | w2 | 1
2026-09-07T13:31:42 | 21664664 | w4 | 2
2026-08-24T14:49:18 | 10278833 | w2 | 2
2026-08-17T09:55:00 | 10398551 | w1 | 2
2026-08-25T11:19:25 | 14037118 | w2 | 2
2026-08-25T11:17:22 | 95680942 | w2 | 1
2026-08-18T15:24:05 | 45778904 | w1 | 1
2026-09-01T12:10:57 | 95249216 | w3 | 1
2026-08-25T18:45:32 | 27902964 | w2 | 1
2026-08-17T17:10:33 |  32917636  | w1 | 1
2026-09-07T20:20:59 | 27862666 | w4 | 2
2026-08-25T09:30:41 | 71913273 | w2 | 2
2026-09-07T14:10:27 | 11616494 | w4 | 1
2026-09-08T13:04:35 | 56253890 | w4 | 0
2026-08-25T09:38:31 |  11622026  | w2 | 0
2026-08-25T09:12:19 | 88944190 | w2 | 2
2026-08-18T17:20:07 | 10287235 | w1 | 1
2026-08-24T15:27:07 |  97112677  | w2 | 1
2026-09-08T18:18:54 |  29964670  | w4 | 0
2026-09-01T19:44:52 | 29194481 | w3 | 0
2026-09-20T18:05:00 |  99453864  | w2 | 2
2026-08-17T10:51:25 | 54622090 | w1 | 2
2026-09-16T12:30:00 | 97112677 | w4 | 1
2026-08-25T09:15:23 | 58909036 | w2 | 1
2026-09-07T10:27:03 | 93420669 | w4 | 1
2026-08-25T19:23:47 | 96072149 | w2 | 2
2026-09-08T17:21:01 |  29194481  | w4 | 0
2026-08-31T16:57:20 | 76637342 | w3 | 2
2026-08-25T11:53:36 | 18421581 | w2 | 1
2026-09-08T16:30:14 | 45778904 | w4 | 2
2026-08-17T12:54:16 | 60542016 | w1 | 2
2026-09-07T20:38:33 | 81890664 | w4 | 1
2026-09-01T17:14:50 | 93730417 | w3 | 2
2026-08-18T19:39:50 | 42059446 | w1 | 1
2026-08-18T19:41:30 | 19949173 | w1 | 2
2026-09-08T10:18:37 | 53058319 | w4 | 1
2026-09-08T10:31:19 |  27225353  | w4 | 0
2026-09-01T14:18:17 | 32371039 | w3 | 2
2026-08-18T10:30:19 | 90367810 | w1 | 2
2026-09-01T16:02:36 | 74473990 | w3 | 2
2026-09-07T18:09:25 | 60542016 | w4 | 2
2026-09-08T18:39:16 | 38730680 | w4 | 0
2026-09-18T12:30:00 | 56780249 | w4 | 1
2026-08-18T17:47:17 | 84821416 | w1 | 0
2026-09-07T14:53:14 | 97411452 | w4 | 1
2026-09-07T09:17:27 | 18510296 | w4 | 0
2026-09-07T11:18:40 | 50968345 | w4 | 0
2026-08-31T20:12:42 | 68820438 | w3 | 1
2026-08-18T12:05:42 | 73586801 | w1 | 2
2026-09-08T15:08:26 | 93730417 | w4 | 1
2026-09-01T11:45:28 | 53058319 | w3 | 0
2026-08-25T14:47:10 | 61929170 | w2 | 2
2026-08-18T10:51:50 | 32083061 | w1 | 2
2026-08-21T14:42:29 | 19949173 | w1 | 2
2026-09-01T14:21:12 | 51583008 | w3 | 1
2026-08-24T17:31:38 | 10398551 | w2 | 2
2026-08-18T18:46:16 | 51583008 | w1 | 1
2026-09-07T11:31:03 | 37560471 | w4 | 2
2026-08-31T14:24:34 | 18421581 | w3 | 1
2026-08-17T17:03:10 | 74129476 | w1 | 2
2026-09-08T10:09:11 |  36639446  | w4 | 2
2026-08-25T14:09:41 | 27225353 | w2 | 1
2026-09-01T12:09:08 | 34340333 | w3 | 2
2026-08-31T12:11:50 | 48628200 | w3 | 0
2026-08-25T18:21:33 | 82117268 | w2 | 2
2026-08-18T13:42:01 | 48551508 | w1 | 0
2026-09-07T20:45:59 | 48702037 | w4 | 1
2026-09-08T10:39:06 |  21782591  | w4 | 1
2026-08-24T13:03:33 | 78918142 | w2 | 2
2026-09-07T17:38:31 |  90744874  | w4 | 2
2026-09-08T16:43:19 | 98789681 | w4 | 1
2026-08-22T14:33:40 | 37560471 | w1 | 2
2026-09-07T13:11:18 |  52281345  | w4 | 1
2026-09-07T14:01:36 |  15987238  | w4 | 0
2026-08-24T17:47:29 |  77591665  | w2 | 2
2026-08-18T17:53:29 | 19800330 | w1 | 2
2026-08-18T18:36:56 | 74473990 | w1 | 0
2026-08-24T17:35:58 | 88569452 | w2 | 2
2026-08-24T10:08:39 | 69624559 | w2 | 2
2026-09-08T14:14:58 |  74819346  | w4 | 2
2026-08-17T19:39:37 | 52281345 | w1 | 0
2026-09-07T12:33:23 | 77758700 | w4 | 2
2026-08-31T18:34:53 | 27225353 | w3 | 1
2026-09-08T18:53:54 | 17947782 | w4 | 1
2026-08-17T10:08:00 |  50426379  | w1 | 2
2026-08-18T09:50:46 | 19212221 | w1 | 2
2026-08-31T11:45:20 | 70551668 | w3 | 1
2026-08-18T09:10:38 |  20308195  | w1 | 0
2026-08-24T09:24:46 |  94802359  | w2 | 1
2026-08-25T18:24:38 |  89081413  | w2 | 1
2026-08-24T16:14:40 | 52281345 | w2 | 2
2026-08-24T18:45:21 | 94089208 | w2 | 2
2026-08-25T11:32:37 | 99393038 | w2 | 1
2026-08-17T20:13:29 | 75579252 | w1 | 1
2026-08-31T10:15:31 | 50426379 | w3 | 1
2026-08-18T20:33:55 | 95680942 | w1 | 1
2026-08-17T14:09:07 | 78951060 | w1 | 2
2026-08-31T20:54:58 |  32179351  | w3 | 1
2026-09-07T11:26:54 | 59267400 | w4 | 2
2026-08-18T17:24:07 | 54542094 | w1 | 1
2026-08-18T17:53:14 | 34340333 | w1 | 2
2026-09-08T15:23:41 | 49971191 | w4 | 0
2026-08-31T11:39:26 | 16715597 | w3 | 2
2026-08-17T18:24:50 |  99393038  | w1 | 2
2026-09-01T10:46:27 |  99192406  | w3 | 2
2026-08-24T12:36:56 | 78951060 | w2 | 1
2026-09-01T12:05:22 | 95705330 | w3 | 2
2026-09-07T16:52:01 | 32083061 | w4 | 1
2026-08-25T11:47:18 | 68820438 | w2 | 2
2026-09-07T19:40:06 | 17979381 | w4 | 1
2026-09-07T10:49:59 | 54542094 | w4 | 2
2026-08-25T10:25:35 |  10287235  | w2 | 2
2026-08-25T12:05:50 | 59267400 | w2 | 1
2026-08-18T15:05:39 | 39316784 | w1 | 2
2026-08-25T17:37:00 | 48702037 | w2 | 0
2026-08-24T14:10:49 | 11616494 | w2 | 0
2026-09-01T17:48:25 | 11616494 | w3 | 2
2026-08-18T13:23:09 | 30831468 | w1 | 2
2026-09-01T10:33:54 | 69624559 | w3 | 2
2026-08-31T17:32:58 | 27136102 | w3 | 1
2026-08-31T20:22:34 | 67472693 | w3 | 2
2026-09-08T12:16:12 |  87363913  | w4 | 1
2026-08-17T13:00:24 | 56253890 | w1 | 2
2026-08-25T12:57:59 | 93730417 | w2 | 2
2026-09-07T14:18:24 | 42059446 | w4 | 1
2026-08-18T19:51:00 | 96845083 | w1 | 2
2026-09-07T20:57:18 |  12088214  | w4 | 2
2026-08-31T19:54:01 | 63339209 | w3 | 2
2026-08-31T09:36:12 | 45778904 | w3 | 0
2026-08-24T14:12:09 | 55380723 | w2 | 2
2026-09-07T19:28:01 | 58124315 | w4 | 1
2026-08-18T13:23:24 | 70759556 | w1 | 2
2026-08-18T12:53:13 |  25515684  | w1 | 0
2026-08-24T20:44:44 |  61759153  | w2 | 1
2026-09-17T18:05:00 | 58124315 | w2 | 2
2026-09-01T14:19:31 | 77758700 | w3 | 1
2026-08-24T10:51:11 | 56253890 | w2 | 0
2026-09-08T17:07:53 |  48551508  | w4 | 2
2026-09-08T09:52:24 | 42276139 | w4 | 2
2026-08-31T16:22:38 |  17979381  | w3 | 1
2026-09-08T17:22:57 | 32470131 | w4 | 2
2026-08-18T17:23:39 |  32371039  | w1 | 2
2026-09-07T14:56:42 |  99192406  | w4 | 2
2026-09-07T10:14:26 | 43033616 | w4 | 1
2026-09-08T09:37:20 |  93714657  | w4 | 1
2026-08-18T09:23:58 | 61759153 | w1 | 2
2026-09-01T12:47:30 | 48551508 | w3 | 2
2026-09-07T13:26:54 |  67472693  | w4 | 2
2026-08-31T13:12:48 | 30831468 | w3 | 2
2026-08-25T17:00:18 |  19212221  | w2 | 1
2026-08-18T17:18:10 |  53058319  | w1 | 1
2026-09-05T09:06:30 | 69624559 | w3 | 2
2026-08-24T20:42:11 | 44285581 | w2 | 2
2026-08-24T19:29:04 | 16816512 | w2 | 1
2026-09-08T18:51:55 | 75579252 | w4 | 2
2026-09-01T19:41:52 |  58259684  | w3 | 0
2026-08-24T10:34:56 | 67472693 | w2 | 2
2026-08-18T11:45:20 | 99192406 | w1 | 2
2026-08-24T19:11:47 | 58124315 | w2 | 1
2026-08-17T16:57:28 | 40157925 | w1 | 1
2026-08-25T18:42:57 | 38194753 | w2 | 1
2026-09-08T11:29:28 |  73586801  | w4 | 0
2026-08-25T11:40:11 |  45710390  | w2 | 2
2026-09-08T12:37:14 | 53459645 | w4 | 2
2026-09-01T19:11:19 | 10398551 | w3 | 2
2026-09-01T17:02:00 |  32917636  | w3 | 0
2026-08-25T10:28:40 | 16715597 | w2 | 0
2026-09-08T20:50:33 | 50426379 | w4 | 1
2026-09-01T20:14:51 | 24855469 | w3 | 2
2026-09-01T18:45:49 |  12943907  | w3 | 1
2026-09-01T09:58:56 | 81890664 | w3 | 1
2026-08-24T17:04:24 | 90367810 | w2 | 2
2026-09-08T09:34:42 | 16816512 | w4 | 2
2026-09-08T10:09:30 | 58404922 | w4 | 0
2026-08-31T16:11:59 |  99725305  | w3 | 1
2026-09-01T14:03:08 | 88944190 | w3 | 1
2026-08-25T16:52:24 |  83527600  | w2 | 0
2026-09-07T20:44:33 | 73936122 | w4 | 2
2026-08-24T12:37:35 | 25556942 | w2 | 2
2026-09-07T11:18:22 | 68820438 | w4 | 2
2026-08-18T20:52:40 | 67472693 | w1 | 0
2026-08-18T11:26:15 | 78918142 | w1 | 1
2026-08-24T14:13:52 | 29964670 | w2 | 1
2026-08-25T17:45:29 | 39316784 | w2 | 2
2026-09-17T18:05:00 |  32470131  | w2 | 2
2026-08-25T15:59:43 | 41276721 | w2 | 2
2026-09-07T14:47:20 | 32917636 | w4 | 2
2026-08-24T16:03:21 |  32686366  | w2 | 2
2026-09-08T11:38:21 | 18421581 | w4 | 0
2026-08-24T18:31:14 |  54542094  | w2 | 2
2026-08-18T15:54:58 |  48322271  | w1 | 1
2026-09-08T16:10:02 |  27136102  | w4 | 0
2026-08-24T20:24:44 |  76637342  | w2 | 2
2026-08-25T15:18:54 | 66996412 | w2 | 0
2026-08-25T11:13:37 | 4770215 | w2 | 2
2026-08-18T14:00:25 |  32179351  | w1 | 1
2026-08-25T18:11:13 | 48322271 | w2 | 2
2026-08-17T20:28:17 | 94802359 | w1 | 2
2026-09-08T11:40:17 | 11829965 | w4 | 1
2026-08-25T14:28:35 | 96845083 | w2 | 2
2026-08-24T15:05:12 | 64720342 | w2 | 2
2026-09-08T17:58:25 | 74473990 | w4 | 2
2026-08-24T13:25:29 | 81890664 | w2 | 1
2026-09-01T15:56:25 | 11589711 | w3 | 2
2026-08-24T19:45:33 | 70551668 | w2 | 2
2026-08-25T19:43:20 | 51583008 | w2 | 2
2026-09-08T15:22:19 | 61759153 | w4 | 2
2026-08-25T12:24:23 |  18510296  | w2 | 0
2026-08-31T11:41:50 | 19800330 | w3 | 1
2026-09-01T11:19:32 | 97411452 | w3 | 2
2026-09-08T11:54:37 | 10398551 | w4 | 2
2026-09-04T12:16:42 |  58404922  | w3 | 2
2026-09-08T20:49:04 | 04553331 | w4 | 0
2026-09-07T19:50:37 |  14037118  | w4 | 1
2026-09-08T18:05:20 |  48322271  | w4 | 1
2026-08-18T10:03:15 | 33634232 | w1 | 2
2026-08-18T13:42:03 | 54763817 | w1 | 1
2026-08-18T18:27:31 |  71713480  | w1 | 0
2026-09-01T14:00:23 | 11829965 | w3 | 1
2026-08-17T17:44:26 | 88944190 | w1 | 2
2026-08-24T12:06:52 | 50426379 | w2 | 2
2026-08-18T13:11:20 |  61929170  | w1 | 1
2026-09-07T11:00:32 | 63339209 | w4 | 1
2026-09-01T16:07:46 | 19949173 | w3 | 2
2026-08-24T18:10:46 |  15476316  | w2 | 2
2026-08-17T15:51:36 | 21664664 | w1 | 1
2026-08-31T16:23:36 |  15987238  | w3 | 0
2026-09-07T10:01:52 | 25556942 | w4 | 2
2026-08-18T09:55:50 | 53121425 | w1 | 2
2026-08-24T13:44:25 | 74129476 | w2 | 1
2026-08-18T14:46:30 |  29964670  | w1 | 2
2026-08-18T16:49:45 |  49971191  | w1 | 0
2026-08-25T17:56:13 | 11829965 | w2 | 2
2026-08-31T15:19:27 | 36639446 | w3 | 0
2026-08-25T11:11:10 | 91367187 | w2 | 2
2026-09-08T15:28:40 | 99393038 | w4 | 1
2026-09-08T20:08:22 |  77591665  | w4 | 2
2026-08-17T13:23:52 | 21782591 | w1 | 2
2026-09-11T10:53:54 | 45710390 | w4 | 0
2026-08-25T19:23:00 | 93420669 | w2 | 0
2026-08-28T10:32:59 | 10398551 | w2 | 2
2026-08-31T16:15:03 | 91367187 | w3 | 0
2026-08-24T11:15:21 | 77758700 | w2 | 1
2026-09-07T14:57:35 | 31767877 | w4 | 0
2026-08-17T14:41:57 | 37859286 | w1 | 0
2026-08-25T12:31:51 | 10833913 | w2 | 2
2026-08-31T14:53:46 | 44285581 | w3 | 1
2026-09-07T17:42:56 | 27902964 | w4 | 1
2026-08-24T18:33:51 | 36639446 | w2 | 2
2026-09-08T20:25:13 | 16715597 | w4 | 2
2026-08-25T19:14:41 |  27136102  | w2 | 1
2026-09-20T18:05:00 | 04770215 | w2 | 2
2026-09-08T19:47:10 |  95680942  | w4 | 0
2026-08-25T11:37:43 | 34340333 | w2 | 1
2026-08-24T18:52:02 | 32179351 | w2 | 1
2026-09-07T18:12:59 |  54622090  | w4 | 2
2026-08-18T20:55:00 | 94089208 | w1 | 2
2026-09-01T14:59:08 | 50968345 | w3 | 0
2026-09-08T17:13:04 | 91731574 | w4 | 1
2026-08-31T17:19:59 |  25515684  | w3 | 2
2026-08-17T12:03:22 |  56780249  | w1 | 1
2026-08-17T15:12:31 | 12943907 | w1 | 0
2026-08-17T19:51:23 |  75634387  | w1 | 1
2026-09-08T13:22:38 | 44285581 | w4 | 1
2026-09-01T15:42:59 | 84821416 | w3 | 1
2026-09-07T13:00:25 | 98857398 | w4 | 2
2026-08-17T13:29:05 | 93714657 | w1 | 2
2026-09-07T19:41:44 | 19949173 | w4 | 2
2026-08-18T18:57:16 |  63807786  | w1 | 0
2026-09-08T20:33:21 | 40157925 | w4 | 1
2026-09-08T20:02:54 |  10278833  | w4 | 2
2026-08-18T10:44:10 |  32987398  | w1 | 2
2026-08-24T10:39:54 |  19800330  | w2 | 1
2026-08-17T13:36:34 |  98857398  | w1 | 2
2026-08-31T14:34:18 | 48833471 | w3 | 0
2026-08-24T15:23:20 |  40157925  | w2 | 1
2026-08-24T15:34:25 | 42276139 | w2 | 0
2026-08-24T17:25:06 | 97411452 | w2 | 1
2026-08-25T13:41:52 | 43033616 | w2 | 2
2026-08-24T20:49:26 | 27862666 | w2 | 2
2026-08-18T18:53:55 | 58259684 | w1 | 2
2026-08-17T19:07:08 | 93730417 | w1 | 1
2026-08-18T09:03:50 | 51855024 | w1 | 0
2026-08-25T11:15:48 | 98857398 | w2 | 2
2026-08-18T15:36:16 | 98789681 | w1 | 2
2026-09-07T17:09:14 | 70672889 | w4 | 0
2026-08-31T09:27:37 | 86639109 | w3 | 1
2026-08-31T17:48:26 |  47792143  | w3 | 2
2026-08-17T09:28:41 | 64720342 | w1 | 1
2026-08-17T10:45:37 | 44285581 | w1 | 1
2026-08-24T13:56:17 | 15987238 | w2 | 0
2026-08-18T16:31:11 | 17979381 | w1 | 2
2026-08-31T20:01:49 | 98789681 | w3 | 2
2026-09-01T16:47:32 | 75634387 | w3 | 1
2026-09-02T20:41:29 |  19949173  | w3 | 1
2026-09-02T20:41:29 | 19949173 | w3 | 2
2026-09-02T20:49:43 |  10833913  | w3 | 1
2026-09-02T20:49:43 | 10833913 | w3 | 2
2026-09-03T16:07:33 | 37560471 | w3 | 1
2026-09-03T16:07:33 | 37560471 | w3 | 2
2026-08-18T20:59:44 | 23990001 | w1 | 1
2026-08-24T20:53:43 |  23990001  | w2 | 1
2026-09-01T18:58:13 | 23990001 | w3 | 1
2026-08-18T11:25:56 | 23990002 | w1 | 0
2026-08-25T16:36:57 | 23990002 | w2 | 0
2026-09-01T11:58:10 |  23990002  | w3 | 0
2026-08-17T16:53:20 | 63941939 | w1 | 0
2026-08-25T15:22:53 | 63941939 | w2 | 0
2026-08-31T15:57:06 | 63941939 | w3 | 2
2026-08-18T18:49:06 |  98446968  | w1 | 2
2026-08-24T11:31:28 | 98446968 | w2 | 2
2026-09-01T14:11:32 | 98446968 | w3 | 0
2026-08-17T09:55:24 | 21990005 | w0 | 1
2026-08-24T13:01:14 | 21990005 | w5 | 2
2026-08-17T11:27:16 | 21990006 | wx | 1
2026-09-08T11:59:59 | 10833913 | w4 | 3
2026-08-24T10:24:29 | 32917636 | w2 | -1
2026-08-17T12:58:48 | 99453864 | w1 | 2.5
2026-09-01T15:11:19 | 93420669 | w3 | two
sync failed at 02:10, retrying
2026-08-25T14:33:57 | 12345 | w2
2026-09-01T17:11:29 | 12345 | w3 | 1 | dup

# end of export

